**********************
Inicio de la transcripción de Windows PowerShell
Hora de inicio: 20260914224457
Nombre de usuario: DVDEBOOK\echav
Usuario RunAs: DVDEBOOK\echav
Nombre de la configuración: 
Máquina: DVDEBOOK (Microsoft Windows NT 10.0.26340.0)
Aplicación host: C:\WINDOWS\System32\WindowsPowerShell\v1.0\powershell.exe
Id. de proceso: 6024
PSVersion: 5.1.26100.9482
PSEdition: Desktop
PSCompatibleVersions: 1.0, 2.0, 3.0, 4.0, 5.0, 5.1.26100.9482
BuildVersion: 10.0.26100.9482
CLRVersion: 4.0.30319.42000
WSManStackVersion: 3.0
PSRemotingProtocolVersion: 2.3
SerializationVersion: 1.1.0.1
**********************
La transcripción ha comenzado. El archivo de salida es C:\Users\echav\OneDrive\Documentos\GitHub\procyclingstats\intervals_fit_analytics\logs\informe_diario_2026-09-14.log
=======================================================
GENERANDO PERFIL INTERACTIVO DE ETAPA
Fecha objetivo: 2026-09-14
=======================================================

Correo enviado desde echavarri.david@gmail.com a davide@burgosproteam.com con 6 archivo(s).
**********************
Fin de la transcripción de Windows PowerShell
Hora de finalización: 20260914224734
**********************
**********************
Inicio de la transcripción de Windows PowerShell
Hora de inicio: 20260914234110
Nombre de usuario: DVDEBOOK\echav
Usuario RunAs: DVDEBOOK\echav
Nombre de la configuración: 
Máquina: DVDEBOOK (Microsoft Windows NT 10.0.26340.0)
Aplicación host: C:\WINDOWS\System32\WindowsPowerShell\v1.0\powershell.exe
Id. de proceso: 6024
PSVersion: 5.1.26100.9482
PSEdition: Desktop
PSCompatibleVersions: 1.0, 2.0, 3.0, 4.0, 5.0, 5.1.26100.9482
BuildVersion: 10.0.26100.9482
CLRVersion: 4.0.30319.42000
WSManStackVersion: 3.0
PSRemotingProtocolVersion: 2.3
SerializationVersion: 1.1.0.1
**********************
La transcripción ha comenzado. El archivo de salida es C:\Users\echav\OneDrive\Documentos\GitHub\procyclingstats\intervals_fit_analytics\logs\informe_diario_2026-09-14.log
=======================================================
GENERANDO PERFIL INTERACTIVO DE ETAPA
Fecha objetivo: 2026-09-14
=======================================================

Correo enviado desde echavarri.david@gmail.com a davide@burgosproteam.com con 4 archivo(s).
**********************
Fin de la transcripción de Windows PowerShell
Hora de finalización: 20260914234146
**********************
